错误: 代理抛出异常错误: java.rmi.server.ExportException: Port already in use: 9999; nested exception is: 
	java.net.BindException: Address already in use
jdk.internal.agent.AgentConfigurationError: java.rmi.server.ExportException: Port already in use: 9999; nested exception is: 
	java.net.BindException: Address already in use
	at jdk.management.agent/sun.management.jmxremote.ConnectorBootstrap.startRemoteConnectorServer(ConnectorBootstrap.java:491)
	at jdk.management.agent/jdk.internal.agent.Agent.startAgent(Agent.java:445)
	at jdk.management.agent/jdk.internal.agent.Agent.startAgent(Agent.java:601)
Caused by: java.rmi.server.ExportException: Port already in use: 9999; nested exception is: 
	java.net.BindException: Address already in use
	at java.rmi/sun.rmi.transport.tcp.TCPTransport.listen(TCPTransport.java:309)
	at java.rmi/sun.rmi.transport.tcp.TCPTransport.exportObject(TCPTransport.java:223)
	at java.rmi/sun.rmi.transport.tcp.TCPEndpoint.exportObject(TCPEndpoint.java:405)
	at java.rmi/sun.rmi.transport.LiveRef.exportObject(LiveRef.java:147)
	at java.rmi/sun.rmi.server.UnicastServerRef.exportObject(UnicastServerRef.java:226)
	at java.rmi/sun.rmi.registry.RegistryImpl.setup(RegistryImpl.java:177)
	at java.rmi/sun.rmi.registry.RegistryImpl.<init>(RegistryImpl.java:153)
	at jdk.management.agent/sun.management.jmxremote.SingleEntryRegistry.<init>(SingleEntryRegistry.java:49)
	at jdk.management.agent/sun.management.jmxremote.ConnectorBootstrap.exportMBeanServer(ConnectorBootstrap.java:857)
	at jdk.management.agent/sun.management.jmxremote.ConnectorBootstrap.startRemoteConnectorServer(ConnectorBootstrap.java:479)
	... 2 more
Caused by: java.net.BindException: Address already in use
	at java.base/sun.nio.ch.Net.bind0(Native Method)
	at java.base/sun.nio.ch.Net.bind(Net.java:511)
	at java.base/sun.nio.ch.Net.bind(Net.java:500)
	at java.base/sun.nio.ch.NioSocketImpl.bind(NioSocketImpl.java:630)
	at java.base/java.net.ServerSocket.bind(ServerSocket.java:326)
	at java.base/java.net.ServerSocket.<init>(ServerSocket.java:222)
	at java.base/java.net.ServerSocket.<init>(ServerSocket.java:138)
	at java.rmi/sun.rmi.transport.tcp.TCPDirectSocketFactory.createServerSocket(TCPDirectSocketFactory.java:45)
	at java.rmi/sun.rmi.transport.tcp.TCPEndpoint.newServerSocket(TCPEndpoint.java:662)
	at java.rmi/sun.rmi.transport.tcp.TCPTransport.listen(TCPTransport.java:299)
	... 11 more
